// Jest Snapshot v1, https://goo.gl/fbAQLP

exports[`App component renders App 1`] = `
<DocumentFragment>
  <div
    class="wireframe appContainer"
  >
    <div
      class="banner"
    >
      <h1>
        Interview Questions
      </h1>
      <label
        class="categoriesLabel"
      >
        <h3>
          Categories:
        </h3>
        <select>
          <option
            value="All"
          >
            All
          </option>
        </select>
      </label>
    </div>
    <div
      class="loadingDiv"
    >
      <h1>
        Loading...
      </h1>
    </div>
    <aside
      aria-label="Scroll to top of page"
      class="ScrollUpButton__Container "
      data-testid="react-scroll-up-button"
      role="button"
      style="height: 27px; position: fixed; bottom: 20px; width: 27px; transition: all 0.5s ease-in-out; transition-property: opacity, right; cursor: pointer; opacity: 0; right: -75px; z-index: 1000; fill: var(--color1-transparent); padding-bottom: 1px; padding-left: 1px; padding-right: 1px; background: transparent; outline: none;"
      tabindex="-1"
    >
      <svg
        version="1.1"
        viewBox="0 0 28 28"
        x="0"
        xml:space="preserve"
        xmlns="http://www.w3.org/2000/svg"
        y="0"
      >
        <path
          d="M26.297 20.797l-2.594 2.578c-0.391 0.391-1.016 0.391-1.406 0l-8.297-8.297-8.297 8.297c-0.391 0.391-1.016 0.391-1.406 0l-2.594-2.578c-0.391-0.391-0.391-1.031 0-1.422l11.594-11.578c0.391-0.391 1.016-0.391 1.406 0l11.594 11.578c0.391 0.391 0.391 1.031 0 1.422z"
        />
      </svg>
    </aside>
  </div>
</DocumentFragment>
`;
